ITEM: TIMESTEP
0
ITEM: NUMBER OF ATOMS
4
ITEM: BOX BOUNDS pp pp pp
0.0000000000000000e+00 3.5200000000000000e+00
0.0000000000000000e+00 3.5200000000000000e+00
0.0000000000000000e+00 3.5200000000000000e+00
ITEM: ATOMS id type xsu ysu zsu fx fy fz vx vy vz
1 1                    0                    0                    0 -2.22044604925031e-16 -1.38777878078145e-17 -5.55111512312578e-17                    0                    0                    0
2 1                    0                  0.5                  0.5 -5.55111512312578e-17 -1.66533453693773e-16 6.93889390390723e-17                    0                    0                    0
3 1                  0.5                    0                  0.5 -5.55111512312578e-17                    0 -2.08166817117217e-16                    0                    0                    0
4 1                  0.5                  0.5                    0                    0 -6.93889390390723e-18 -2.42861286636753e-16                    0                    0                    0
