ITEM: TIMESTEP
0
ITEM: NUMBER OF ATOMS
4
ITEM: BOX BOUNDS pp pp pp
0.0000000000000000e+00 4.0499999999999998e+00
0.0000000000000000e+00 4.0499999999999998e+00
0.0000000000000000e+00 4.0499999999999998e+00
ITEM: ATOMS id type xsu ysu zsu fx fy fz vx vy vz
1 3                    0                    0                    0 -2.77555756156289e-17 -1.38777878078145e-17                    0                    0                    0                    0
2 2                    0                  0.5                  0.5                    0 6.93889390390723e-17 -1.11022302462516e-16                    0                    0                    0
3 2                  0.5                    0                  0.5                    0 6.93889390390723e-18 -8.32667268468867e-17                    0                    0                    0
4 2                  0.5                  0.5                    0 -5.55111512312578e-17 -1.66533453693773e-16 6.93889390390723e-17                    0                    0                    0
