ITEM: TIMESTEP
0
ITEM: NUMBER OF ATOMS
4
ITEM: BOX BOUNDS pp pp pp
0.0000000000000000e+00 4.0499999999999998e+00
0.0000000000000000e+00 4.0499999999999998e+00
0.0000000000000000e+00 4.0499999999999998e+00
ITEM: ATOMS id type xsu ysu zsu fx fy fz vx vy vz
1 2                    0                    0                    0                    0 6.93889390390723e-18 2.77555756156289e-17                    0                    0                    0
2 2                    0                  0.5                  0.5 5.55111512312578e-17 2.77555756156289e-17 -5.55111512312578e-17                    0                    0                    0
3 3                  0.5                    0                  0.5                    0 6.93889390390723e-18 6.07153216591882e-18                    0                    0                    0
4 1                  0.5                  0.5                    0 2.77555756156289e-17 -8.32667268468867e-17 -5.55111512312578e-17                    0                    0                    0
