ITEM: TIMESTEP
0
ITEM: NUMBER OF ATOMS
4
ITEM: BOX BOUNDS pp pp pp
0.0000000000000000e+00 3.5200000000000000e+00
0.0000000000000000e+00 3.5200000000000000e+00
0.0000000000000000e+00 3.5200000000000000e+00
ITEM: ATOMS id type xsu ysu zsu fx fy fz vx vy vz
1 3                    0                    0                    0 2.77555756156289e-17 -1.73472347597681e-18                    0                    0                    0                    0
2 1                    0                  0.5                  0.5 -2.77555756156289e-17 -2.4980018054066e-16 1.11022302462516e-16                    0                    0                    0
3 1                  0.5                    0                  0.5 -1.11022302462516e-16 -9.0205620750794e-17 8.32667268468867e-17                    0                    0                    0
4 1                  0.5                  0.5                    0 1.11022302462516e-16 2.77555756156289e-16 -1.2490009027033e-16                    0                    0                    0
